// Jest Snapshot v1, https://goo.gl/fbAQLP

exports[`AppointmentForm test cases should render correctly 1`] = `
<DocumentFragment>
  <form
    class="p-4"
  >
    <p
      class="text-primary-100 font-semibold text-xl"
    >
      Create appointment
    </p>
    <div
      class="flex flex-col md:flex-row md:gap-3 mt-6"
    >
      <div
        class="group flex flex-col w-full opacity-disabled pointer-events-none transition-background motion-reduce:transition-none !duration-150 group relative justify-end data-[has-label=true]:mt-[calc(theme(fontSize.small)_+_10px)]"
        data-filled="true"
        data-has-label="true"
        data-slot="base"
      >
        <div
          aria-hidden="true"
          data-a11y-ignore="aria-hidden-focus"
          data-testid="hidden-select-container"
          style="border: 0px; clip-path: inset(50%); height: 1px; margin: -1px; overflow: hidden; padding: 0px; position: absolute; width: 1px; white-space: nowrap;"
        >
          <input
            disabled=""
            style="font-size: 16px;"
            tabindex="0"
            type="text"
            value=""
          />
          <label>
            Sender
            <select
              disabled=""
              name="senderId"
              tabindex="-1"
              title=""
            >
              <option />
            </select>
          </label>
        </div>
        <div
          class="w-full flex flex-col h-16"
          data-slot="mainWrapper"
        >
          <button
            aria-expanded="false"
            aria-haspopup="listbox"
            aria-labelledby="react-aria-:r7: react-aria-:r3:"
            class="relative gap-3 w-full inline-flex flex-row items-center shadow-sm outline-none tap-highlight-transparent border-default-200 data-[hover=true]:border-default-400 data-[open=true]:border-default-foreground min-h-10 pointer-events-none transition-colors motion-reduce:transition-none px-2.5 rounded-medium bg-background-100 shadow-stack border-1 outline-offset-0 data-[focus=true]:border-green data-[focus=true]:border-1 data-[focus=true]:bg-background-100 data-[hover=true]:bg-background-100 group-data-[invalid=true]:!border-danger-100 h-[auto] py-3 max-h-10"
            data-disabled="true"
            data-slot="trigger"
            id="react-aria-:r2:"
            type="button"
            value=""
          >
            <label
              class="block absolute subpixel-antialiased pointer-events-none will-change-auto origin-top-left rtl:origin-top-right !duration-200 !ease-out transition-[transform,color,left,opacity] motion-reduce:transition-none pb-0 z-20 -translate-y-1/2 group-data-[filled=true]:start-0 start-3 group-data-[filled=true]:-translate-y-[calc(100%_+_theme(fontSize.small)/2_+_20px)] pe-2 max-w-full text-ellipsis overflow-hidden text-primary-100 font-medium group-data-[invalid=true]:!text-danger-100 group-data-[filled=true]:text-primary-100 after:text-primary-100 top-5 text-sm"
              data-slot="label"
              id="react-aria-:r3:"
            >
              Sender
            </label>
            <div
              class="inline-flex h-full w-[calc(100%_-_theme(spacing.6))] min-h-4 items-center gap-1.5 box-border text-xs leading-[18px] group-data-[invalid=true]:!text-danger-100"
              data-slot="innerWrapper"
            >
              <span
                class="w-full text-left rtl:text-right group-data-[has-value=true]:text-default-foreground truncate group-data-[invalid=true]:!text-danger-100 font-medium text-sm text-primary-100"
                data-slot="value"
                id="react-aria-:r7:"
              >
                Select sender
              </span>
            </div>
            <svg
              aria-hidden="true"
              class="absolute end-3 w-4 h-4 transition-transform duration-150 ease motion-reduce:transition-none data-[open=true]:rotate-180 text-primary-100"
              data-slot="selectorIcon"
              fill="none"
              focusable="false"
              height="1em"
              role="presentation"
              stroke="currentColor"
              stroke-linecap="round"
              stroke-linejoin="round"
              stroke-width="1.5"
              viewBox="0 0 24 24"
              width="1em"
            >
              <path
                d="m6 9 6 6 6-6"
              />
            </svg>
          </button>
        </div>
      </div>
      <div
        class="group flex flex-col w-full opacity-disabled pointer-events-none transition-background motion-reduce:transition-none !duration-150 group relative justify-end data-[has-label=true]:mt-[calc(theme(fontSize.small)_+_10px)]"
        data-filled="true"
        data-has-label="true"
        data-slot="base"
      >
        <div
          aria-hidden="true"
          data-a11y-ignore="aria-hidden-focus"
          data-testid="hidden-select-container"
          style="border: 0px; clip-path: inset(50%); height: 1px; margin: -1px; overflow: hidden; padding: 0px; position: absolute; width: 1px; white-space: nowrap;"
        >
          <input
            disabled=""
            style="font-size: 16px;"
            tabindex="0"
            type="text"
            value=""
          />
          <label>
            Receiver
            <select
              disabled=""
              name="receiverId"
              tabindex="-1"
              title=""
            >
              <option />
            </select>
          </label>
        </div>
        <div
          class="w-full flex flex-col h-16"
          data-slot="mainWrapper"
        >
          <button
            aria-expanded="false"
            aria-haspopup="listbox"
            aria-label="Receiver"
            aria-labelledby="react-aria-:rf: react-aria-:ra:"
            class="relative gap-3 w-full inline-flex flex-row items-center shadow-sm outline-none tap-highlight-transparent border-default-200 data-[hover=true]:border-default-400 data-[open=true]:border-default-foreground min-h-10 pointer-events-none transition-colors motion-reduce:transition-none px-2.5 rounded-medium bg-background-100 shadow-stack border-1 outline-offset-0 data-[focus=true]:border-green data-[focus=true]:border-1 data-[focus=true]:bg-background-100 data-[hover=true]:bg-background-100 group-data-[invalid=true]:!border-danger-100 h-[auto] py-3 max-h-10"
            data-disabled="true"
            data-slot="trigger"
            id="react-aria-:ra:"
            type="button"
            value=""
          >
            <label
              class="block absolute subpixel-antialiased pointer-events-none will-change-auto origin-top-left rtl:origin-top-right !duration-200 !ease-out transition-[transform,color,left,opacity] motion-reduce:transition-none pb-0 z-20 -translate-y-1/2 group-data-[filled=true]:start-0 start-3 group-data-[filled=true]:-translate-y-[calc(100%_+_theme(fontSize.small)/2_+_20px)] pe-2 max-w-full text-ellipsis overflow-hidden text-primary-100 font-medium group-data-[invalid=true]:!text-danger-100 group-data-[filled=true]:text-primary-100 after:text-primary-100 top-5 text-sm"
              data-slot="label"
              id="react-aria-:rb:"
            >
              Receiver
            </label>
            <div
              class="inline-flex h-full w-[calc(100%_-_theme(spacing.6))] min-h-4 items-center gap-1.5 box-border text-xs leading-[18px] group-data-[invalid=true]:!text-danger-100"
              data-slot="innerWrapper"
            >
              <span
                class="w-full text-left rtl:text-right group-data-[has-value=true]:text-default-foreground truncate group-data-[invalid=true]:!text-danger-100 font-medium text-sm text-primary-100"
                data-slot="value"
                id="react-aria-:rf:"
              >
                Select receiver
              </span>
            </div>
            <svg
              aria-hidden="true"
              class="absolute end-3 w-4 h-4 transition-transform duration-150 ease motion-reduce:transition-none data-[open=true]:rotate-180 text-primary-100"
              data-slot="selectorIcon"
              fill="none"
              focusable="false"
              height="1em"
              role="presentation"
              stroke="currentColor"
              stroke-linecap="round"
              stroke-linejoin="round"
              stroke-width="1.5"
              viewBox="0 0 24 24"
              width="1em"
            >
              <path
                d="m6 9 6 6 6-6"
              />
            </svg>
          </button>
        </div>
      </div>
    </div>
    <div
      class="flex flex-col md:flex-row md:gap-3 items-start"
    >
      <div
        class="group flex flex-col data-[hidden=true]:hidden w-full relative justify-end data-[has-label=true]:mt-[calc(theme(fontSize.small)_+_8px)] is-filled"
        data-filled="true"
        data-filled-within="true"
        data-has-elements="true"
        data-has-label="true"
        data-has-value="true"
        data-slot="base"
      >
        <div
          class="flex flex-col h-[68px]"
          data-slot="main-wrapper"
        >
          <div
            class="relative w-full inline-flex tap-highlight-transparent flex-row items-center shadow-sm gap-3 data-[hover=true]:bg-default-200 group-data-[focus=true]:bg-default-100 min-h-8 px-2 rounded-small transition-background motion-reduce:transition-none !duration-150 outline-none group-data-[focus-visible=true]:z-10 group-data-[focus-visible=true]:ring-2 group-data-[focus-visible=true]:ring-focus group-data-[focus-visible=true]:ring-offset-2 group-data-[focus-visible=true]:ring-offset-background bg-transparent border-text-foreground !bg-transparent data-[hover=true]:!bg-transparent group-data-[focus=true]:ring-0 group-data-[focus=true]:ring-offset-0 group-data-[focus=true]:!bg-transparent data-[focus=true]:border-secondary-300 group-data-[invalid=true]:border-danger-100 h-auto py-3 border max-h-10 is-filled"
            data-slot="input-wrapper"
            style="cursor: text;"
          >
            <label
              class="absolute pointer-events-none origin-top-left rtl:origin-top-right subpixel-antialiased block text-foreground-500 will-change-auto !duration-200 !ease-out motion-reduce:transition-none transition-[transform,color,left,opacity] group-data-[filled-within=true]:text-foreground group-data-[filled-within=true]:pointer-events-auto pb-0 z-20 -translate-y-1/2 group-data-[filled-within=true]:start-0 start-2 group-data-[filled-within=true]:-translate-y-[calc(100%_+_theme(fontSize.tiny)/2_+_16px)] pe-2 max-w-full text-ellipsis overflow-hidden group-data-[invalid=true]:!text-danger-100 top-[17px] text-sm"
              data-slot="label"
              for="react-aria-:rg:"
              id="react-aria-:rh:"
            >
              Start Date
            </label>
            <div
              class="inline-flex w-full items-center h-full box-border"
              data-slot="inner-wrapper"
            >
              <input
                aria-label="Start Date"
                aria-labelledby="react-aria-:rg: react-aria-:rh:"
                class="w-full font-normal !outline-none focus-visible:outline-none data-[has-start-content=true]:ps-1.5 data-[has-end-content=true]:pe-1.5 file:cursor-pointer file:bg-transparent file:border-0 autofill:bg-transparent bg-clip-text group-data-[has-value=true]:text-default-foreground text-primary-100 placeholder:text-primary-300 bg-transparent group-data-[invalid=true]:!text-danger-100 mx-1 text-sm is-filled"
                data-filled="true"
                data-filled-within="true"
                data-slot="input"
                id="react-aria-:rg:"
                name="startDate"
                type="date"
                value=""
              />
            </div>
          </div>
        </div>
      </div>
      <div
        class="group flex flex-col data-[has-helper=true]:pb-[calc(theme(fontSize.tiny)_+8px)] w-full opacity-disabled pointer-events-none h-[86px] gap-[3px]"
        data-disabled="true"
        data-slot="base"
      >
        <span
          class="block subpixel-antialiased group-data-[required=true]:after:content-['*'] group-data-[required=true]:after:text-danger group-data-[required=true]:after:ml-0.5 w-full text-foreground pointer-events-none top-[13px] text-sm group-data-[invalid=true]:text-danger-100"
          data-slot="label"
          id="react-aria-:rm:"
        >
          Start Time
        </span>
        <div
          class="relative gap-3 inline-flex flex-row items-center cursor-text tap-highlight-transparent shadow-sm hover:bg-default-200 focus-within:hover:bg-default-100 group-data-[invalid=true]:bg-danger-50 group-data-[invalid=true]:hover:bg-danger-100 group-data-[invalid=true]:focus-within:hover:bg-danger-50 min-h-8 px-2 rounded-small w-full pointer-events-none bg-transparent border-text-foreground !bg-transparent hover:!bg-transparent focus:!bg-transparent focus:border-secondary-300 group-data-[invalid=true]:border-danger-100 h-auto py-3 max-h-10 border"
          data-slot="input-wrapper"
        >
          <div
            class="flex items-center text-default-400 w-full gap-x-2 h-6 group-data-[invalid=true]:border-danger-100 group-data-[invalid=true]:text-danger-100"
            data-slot="inner-wrapper"
          >
            <div
              aria-disabled="true"
              aria-labelledby="react-aria-:rm:"
              class="flex h-full gap-x-0.5 w-full font-normal text-primary-100 placeholder:text-primary-300 bg-transparent text-sm mx-2 data-[focus=true]:!bg-transparent group-data-[invalid=true]:text-danger-100"
              data-slot="input"
              id="react-aria-:rl:"
              role="group"
            >
              <div
                aria-disabled="true"
                aria-label="hour, "
                aria-labelledby="react-aria-:rq: react-aria-:rm:"
                aria-valuemax="11"
                aria-valuemin="0"
                aria-valuenow="0"
                aria-valuetext="Empty"
                class="group first:-ml-0.5 [&:not(:first-child)]:-ml-1 px-0.5 my-auto box-content tabular-nums text-start inline-block outline-none focus:shadow-sm rounded-md text-foreground-500 data-[editable=true]:text-foreground data-[editable=true]:data-[placeholder=true]:text-foreground-500 data-[invalid=true]:text-danger-300 data-[invalid=true]:data-[editable=true]:text-danger data-[invalid=true]:focus:bg-danger-400/50 dark:data-[invalid=true]:focus:bg-danger-400/20 data-[invalid=true]:data-[editable=true]:focus:text-danger data-[editable=true]:focus:text-default-foreground focus:bg-primary-100 focus:bg-opacity-20 group-data-[invalid=true]:text-danger-100"
                contenteditable="false"
                data-editable="true"
                data-placeholder="true"
                data-slot="segment"
                data-type="hour"
                id="react-aria-:rq:"
                role="spinbutton"
                style="caret-color: transparent;"
              >
                ––
              </div>
              <div
                aria-hidden="true"
                class="group first:-ml-0.5 [&:not(:first-child)]:-ml-1 px-0.5 my-auto box-content tabular-nums text-start inline-block outline-none focus:shadow-sm rounded-md text-foreground-500 data-[editable=true]:text-foreground data-[editable=true]:data-[placeholder=true]:text-foreground-500 data-[invalid=true]:text-danger-300 data-[invalid=true]:data-[editable=true]:text-danger data-[invalid=true]:focus:bg-danger-400/50 dark:data-[invalid=true]:focus:bg-danger-400/20 data-[invalid=true]:data-[editable=true]:focus:text-danger data-[editable=true]:focus:text-default-foreground focus:bg-primary-100 focus:bg-opacity-20 group-data-[invalid=true]:text-danger-100"
                data-slot="segment"
                data-type="literal"
              >
                :
              </div>
              <div
                aria-disabled="true"
                aria-label="minute, "
                aria-labelledby="react-aria-:ru: react-aria-:rm:"
                aria-valuemax="59"
                aria-valuemin="0"
                aria-valuenow="0"
                aria-valuetext="Empty"
                class="group first:-ml-0.5 [&:not(:first-child)]:-ml-1 px-0.5 my-auto box-content tabular-nums text-start inline-block outline-none focus:shadow-sm rounded-md text-foreground-500 data-[editable=true]:text-foreground data-[editable=true]:data-[placeholder=true]:text-foreground-500 data-[invalid=true]:text-danger-300 data-[invalid=true]:data-[editable=true]:text-danger data-[invalid=true]:focus:bg-danger-400/50 dark:data-[invalid=true]:focus:bg-danger-400/20 data-[invalid=true]:data-[editable=true]:focus:text-danger data-[editable=true]:focus:text-default-foreground focus:bg-primary-100 focus:bg-opacity-20 group-data-[invalid=true]:text-danger-100"
                contenteditable="false"
                data-editable="true"
                data-placeholder="true"
                data-slot="segment"
                data-type="minute"
                id="react-aria-:ru:"
                role="spinbutton"
                style="caret-color: transparent;"
              >
                ––
              </div>
              <div
                aria-hidden="true"
                class="group first:-ml-0.5 [&:not(:first-child)]:-ml-1 px-0.5 my-auto box-content tabular-nums text-start inline-block outline-none focus:shadow-sm rounded-md text-foreground-500 data-[editable=true]:text-foreground data-[editable=true]:data-[placeholder=true]:text-foreground-500 data-[invalid=true]:text-danger-300 data-[invalid=true]:data-[editable=true]:text-danger data-[invalid=true]:focus:bg-danger-400/50 dark:data-[invalid=true]:focus:bg-danger-400/20 data-[invalid=true]:data-[editable=true]:focus:text-danger data-[editable=true]:focus:text-default-foreground focus:bg-primary-100 focus:bg-opacity-20 group-data-[invalid=true]:text-danger-100"
                data-slot="segment"
                data-type="literal"
              >
                 
              </div>
              <div
                aria-disabled="true"
                aria-label="AM/PM, "
                aria-labelledby="react-aria-:r12: react-aria-:rm:"
                aria-valuemax="12"
                aria-valuemin="0"
                aria-valuenow="0"
                aria-valuetext="Empty"
                class="group first:-ml-0.5 [&:not(:first-child)]:-ml-1 px-0.5 my-auto box-content tabular-nums text-start inline-block outline-none focus:shadow-sm rounded-md text-foreground-500 data-[editable=true]:text-foreground data-[editable=true]:data-[placeholder=true]:text-foreground-500 data-[invalid=true]:text-danger-300 data-[invalid=true]:data-[editable=true]:text-danger data-[invalid=true]:focus:bg-danger-400/50 dark:data-[invalid=true]:focus:bg-danger-400/20 data-[invalid=true]:data-[editable=true]:focus:text-danger data-[editable=true]:focus:text-default-foreground focus:bg-primary-100 focus:bg-opacity-20 group-data-[invalid=true]:text-danger-100"
                contenteditable="false"
                data-editable="true"
                data-placeholder="true"
                data-slot="segment"
                data-type="dayPeriod"
                id="react-aria-:r12:"
                role="spinbutton"
                style="caret-color: transparent;"
              >
                AM
              </div>
              <input
                name="startTime"
                type="hidden"
                value=""
              />
            </div>
          </div>
        </div>
      </div>
    </div>
    <div
      class="group flex flex-col w-full transition-background motion-reduce:transition-none !duration-150 group relative justify-end data-[has-label=true]:mt-[calc(theme(fontSize.small)_+_10px)]"
      data-filled="true"
      data-has-label="true"
      data-slot="base"
    >
      <div
        aria-hidden="true"
        data-a11y-ignore="aria-hidden-focus"
        data-testid="hidden-select-container"
        style="border: 0px; clip-path: inset(50%); height: 1px; margin: -1px; overflow: hidden; padding: 0px; position: absolute; width: 1px; white-space: nowrap;"
      >
        <input
          style="font-size: 16px;"
          tabindex="0"
          type="text"
          value=""
        />
        <label>
          Duration Time
          <select
            name="durationTime"
            size="20"
            tabindex="-1"
            title=""
          >
            <option />
            <option
              value="15"
            >
              00:15
            </option>
            <option
              value="30"
            >
              00:30
            </option>
            <option
              value="45"
            >
              00:45
            </option>
            <option
              value="60"
            >
              01:00
            </option>
            <option
              value="75"
            >
              01:15
            </option>
            <option
              value="90"
            >
              01:30
            </option>
            <option
              value="105"
            >
              01:45
            </option>
            <option
              value="120"
            >
              02:00
            </option>
            <option
              value="135"
            >
              02:15
            </option>
            <option
              value="150"
            >
              02:30
            </option>
            <option
              value="165"
            >
              02:45
            </option>
            <option
              value="180"
            >
              03:00
            </option>
            <option
              value="195"
            >
              03:15
            </option>
            <option
              value="210"
            >
              03:30
            </option>
            <option
              value="225"
            >
              03:45
            </option>
            <option
              value="240"
            >
              04:00
            </option>
            <option
              value="255"
            >
              04:15
            </option>
            <option
              value="270"
            >
              04:30
            </option>
            <option
              value="285"
            >
              04:45
            </option>
            <option
              value="300"
            >
              05:00
            </option>
          </select>
        </label>
      </div>
      <div
        class="w-full flex flex-col h-16"
        data-slot="mainWrapper"
      >
        <button
          aria-expanded="false"
          aria-haspopup="listbox"
          aria-label="Duration Time"
          aria-labelledby="react-aria-:r1b: react-aria-:r16:"
          class="relative gap-3 w-full inline-flex flex-row items-center shadow-sm tap-highlight-transparent group-data-[focus=true]:bg-default-100 min-h-10 outline-none data-[focus-visible=true]:z-10 data-[focus-visible=true]:outline-2 data-[focus-visible=true]:outline-focus data-[focus-visible=true]:outline-offset-2 px-2.5 rounded-medium bg-background-100 shadow-stack border-1 outline-offset-0 data-[focus=true]:border-green data-[focus=true]:border-1 data-[focus=true]:bg-background-100 data-[hover=true]:bg-background-100 group-data-[invalid=true]:!border-danger-100 h-[auto] py-3 max-h-10"
          data-slot="trigger"
          id="react-aria-:r16:"
          type="button"
          value=""
        >
          <label
            class="block absolute subpixel-antialiased pointer-events-none will-change-auto origin-top-left rtl:origin-top-right !duration-200 !ease-out transition-[transform,color,left,opacity] motion-reduce:transition-none pb-0 z-20 -translate-y-1/2 group-data-[filled=true]:start-0 start-3 group-data-[filled=true]:-translate-y-[calc(100%_+_theme(fontSize.small)/2_+_20px)] pe-2 max-w-full text-ellipsis overflow-hidden text-primary-100 font-medium group-data-[invalid=true]:!text-danger-100 group-data-[filled=true]:text-primary-100 after:text-primary-100 top-5 text-sm"
            data-slot="label"
            id="react-aria-:r17:"
          >
            Duration Time
          </label>
          <div
            class="inline-flex h-full w-[calc(100%_-_theme(spacing.6))] min-h-4 items-center gap-1.5 box-border text-xs leading-[18px] group-data-[invalid=true]:!text-danger-100"
            data-slot="innerWrapper"
          >
            <span
              class="w-full text-left rtl:text-right truncate group-data-[has-value=true]:text-default-foreground group-data-[invalid=true]:!text-danger-100 font-medium text-sm text-primary-100"
              data-slot="value"
              id="react-aria-:r1b:"
            >
              Duration Time
            </span>
          </div>
          <svg
            aria-hidden="true"
            class="absolute end-3 w-4 h-4 transition-transform duration-150 ease motion-reduce:transition-none data-[open=true]:rotate-180 text-primary-100"
            data-slot="selectorIcon"
            fill="none"
            focusable="false"
            height="1em"
            role="presentation"
            stroke="currentColor"
            stroke-linecap="round"
            stroke-linejoin="round"
            stroke-width="1.5"
            viewBox="0 0 24 24"
            width="1em"
          >
            <path
              d="m6 9 6 6 6-6"
            />
          </svg>
        </button>
      </div>
    </div>
    <div
      class="group flex flex-col w-full opacity-disabled pointer-events-none transition-background motion-reduce:transition-none !duration-150 group relative justify-end data-[has-label=true]:mt-[calc(theme(fontSize.small)_+_10px)]"
      data-filled="true"
      data-has-label="true"
      data-has-value="true"
      data-slot="base"
    >
      <div
        aria-hidden="true"
        data-a11y-ignore="aria-hidden-focus"
        data-testid="hidden-select-container"
        style="border: 0px; clip-path: inset(50%); height: 1px; margin: -1px; overflow: hidden; padding: 0px; position: absolute; width: 1px; white-space: nowrap;"
      >
        <input
          disabled=""
          style="font-size: 16px;"
          tabindex="0"
          type="text"
          value="0"
        />
        <label>
          Status
          <select
            disabled=""
            name="status"
            size="3"
            tabindex="-1"
            title=""
          >
            <option />
            <option
              value="0"
            >
              New
            </option>
            <option
              value="1"
            >
              Meeting
            </option>
            <option
              value="2"
            >
              Canceled
            </option>
          </select>
        </label>
      </div>
      <div
        class="w-full flex flex-col h-16"
        data-slot="mainWrapper"
      >
        <button
          aria-expanded="false"
          aria-haspopup="listbox"
          aria-label="Status"
          aria-labelledby="react-aria-:r1j: react-aria-:r1e:"
          class="relative gap-3 w-full inline-flex flex-row items-center shadow-sm tap-highlight-transparent group-data-[focus=true]:bg-default-100 min-h-10 pointer-events-none outline-none data-[focus-visible=true]:z-10 data-[focus-visible=true]:outline-2 data-[focus-visible=true]:outline-focus data-[focus-visible=true]:outline-offset-2 px-2.5 rounded-medium bg-background-100 shadow-stack border-1 outline-offset-0 data-[focus=true]:border-green data-[focus=true]:border-1 data-[focus=true]:bg-background-100 data-[hover=true]:bg-background-100 group-data-[invalid=true]:!border-danger-100 h-[auto] py-3 max-h-10"
          data-disabled="true"
          data-slot="trigger"
          id="react-aria-:r1e:"
          type="button"
          value="0"
        >
          <label
            class="block absolute subpixel-antialiased pointer-events-none will-change-auto origin-top-left rtl:origin-top-right !duration-200 !ease-out transition-[transform,color,left,opacity] motion-reduce:transition-none pb-0 z-20 -translate-y-1/2 group-data-[filled=true]:start-0 start-3 group-data-[filled=true]:-translate-y-[calc(100%_+_theme(fontSize.small)/2_+_20px)] pe-2 max-w-full text-ellipsis overflow-hidden text-primary-100 font-medium group-data-[invalid=true]:!text-danger-100 group-data-[filled=true]:text-primary-100 after:text-primary-100 top-5 text-sm"
            data-slot="label"
            id="react-aria-:r1f:"
          >
            Status
          </label>
          <div
            class="inline-flex h-full w-[calc(100%_-_theme(spacing.6))] min-h-4 items-center gap-1.5 box-border text-xs leading-[18px] group-data-[invalid=true]:!text-danger-100"
            data-slot="innerWrapper"
          >
            <span
              class="w-full text-left rtl:text-right truncate group-data-[has-value=true]:text-default-foreground group-data-[invalid=true]:!text-danger-100 font-medium text-sm text-primary-100"
              data-slot="value"
              id="react-aria-:r1j:"
            >
              New
            </span>
          </div>
          <svg
            aria-hidden="true"
            class="absolute end-3 w-4 h-4 transition-transform duration-150 ease motion-reduce:transition-none data-[open=true]:rotate-180 text-primary-100"
            data-slot="selectorIcon"
            fill="none"
            focusable="false"
            height="1em"
            role="presentation"
            stroke="currentColor"
            stroke-linecap="round"
            stroke-linejoin="round"
            stroke-width="1.5"
            viewBox="0 0 24 24"
            width="1em"
          >
            <path
              d="m6 9 6 6 6-6"
            />
          </svg>
        </button>
      </div>
    </div>
    <div
      class="h-[78px] flex flex-col justify-end"
    >
      <div
        class="w-full gap-2 flex justify-end"
      >
        <button
          class="z-0 group relative inline-flex items-center justify-center box-border appearance-none select-none whitespace-nowrap subpixel-antialiased overflow-hidden tap-highlight-transparent data-[pressed=true]:scale-[0.97] outline-none data-[focus-visible=true]:z-10 data-[focus-visible=true]:outline-2 data-[focus-visible=true]:outline-focus data-[focus-visible=true]:outline-offset-2 px-4 min-w-20 h-10 text-small gap-2 rounded-medium [&>svg]:max-w-[theme(spacing.8)] transition-transform-colors-opacity motion-reduce:transition-none border-1 border-secondary-300 hover:bg-linear-success hover:text-content1 text-secondary-300 font-medium"
          type="button"
        >
          Cancel
        </button>
        <button
          class="z-0 group relative inline-flex items-center justify-center box-border appearance-none select-none whitespace-nowrap subpixel-antialiased overflow-hidden tap-highlight-transparent data-[pressed=true]:scale-[0.97] outline-none data-[focus-visible=true]:z-10 data-[focus-visible=true]:outline-2 data-[focus-visible=true]:outline-focus data-[focus-visible=true]:outline-offset-2 px-4 min-w-20 h-10 text-small gap-2 rounded-medium opacity-disabled pointer-events-none [&>svg]:max-w-[theme(spacing.8)] transition-transform-colors-opacity motion-reduce:transition-none data-[hover=true]:opacity-hover border-transparent font-semibold bg-linear-success text-content1"
          data-disabled="true"
          disabled=""
          type="submit"
        >
          Submit
        </button>
      </div>
    </div>
  </form>
</DocumentFragment>
`;

exports[`AppointmentForm test cases should render correctly with providing data 1`] = `
<DocumentFragment>
  <form
    class="p-4"
  >
    <p
      class="text-primary-100 font-semibold text-xl"
    >
      Update appointment
    </p>
    <div
      class="flex flex-col md:flex-row md:gap-3 mt-6"
    >
      <div
        class="group flex flex-col w-full opacity-disabled pointer-events-none transition-background motion-reduce:transition-none !duration-150 group relative justify-end data-[has-label=true]:mt-[calc(theme(fontSize.small)_+_10px)]"
        data-filled="true"
        data-has-label="true"
        data-has-value="true"
        data-slot="base"
      >
        <div
          aria-hidden="true"
          data-a11y-ignore="aria-hidden-focus"
          data-testid="hidden-select-container"
          style="border: 0px; clip-path: inset(50%); height: 1px; margin: -1px; overflow: hidden; padding: 0px; position: absolute; width: 1px; white-space: nowrap;"
        >
          <input
            disabled=""
            style="font-size: 16px;"
            tabindex="0"
            type="text"
            value="3"
          />
          <label>
            Sender
            <select
              disabled=""
              name="senderId"
              size="1"
              tabindex="-1"
              title=""
            >
              <option />
              <option
                value="3"
              >
                alexstanton@gmail.com
              </option>
            </select>
          </label>
        </div>
        <div
          class="w-full flex flex-col h-16"
          data-slot="mainWrapper"
        >
          <button
            aria-expanded="false"
            aria-haspopup="listbox"
            aria-labelledby="react-aria-:r1r: react-aria-:r1n:"
            class="relative gap-3 w-full inline-flex flex-row items-center shadow-sm outline-none tap-highlight-transparent border-default-200 data-[hover=true]:border-default-400 data-[open=true]:border-default-foreground min-h-10 pointer-events-none transition-colors motion-reduce:transition-none px-2.5 rounded-medium bg-background-100 shadow-stack border-1 outline-offset-0 data-[focus=true]:border-green data-[focus=true]:border-1 data-[focus=true]:bg-background-100 data-[hover=true]:bg-background-100 group-data-[invalid=true]:!border-danger-100 h-[auto] py-3 max-h-10"
            data-disabled="true"
            data-slot="trigger"
            id="react-aria-:r1m:"
            type="button"
            value="3"
          >
            <label
              class="block absolute subpixel-antialiased pointer-events-none will-change-auto origin-top-left rtl:origin-top-right !duration-200 !ease-out transition-[transform,color,left,opacity] motion-reduce:transition-none pb-0 z-20 -translate-y-1/2 group-data-[filled=true]:start-0 start-3 group-data-[filled=true]:-translate-y-[calc(100%_+_theme(fontSize.small)/2_+_20px)] pe-2 max-w-full text-ellipsis overflow-hidden text-primary-100 font-medium group-data-[invalid=true]:!text-danger-100 group-data-[filled=true]:text-primary-100 after:text-primary-100 top-5 text-sm"
              data-slot="label"
              id="react-aria-:r1n:"
            >
              Sender
            </label>
            <div
              class="inline-flex h-full w-[calc(100%_-_theme(spacing.6))] min-h-4 items-center gap-1.5 box-border text-xs leading-[18px] group-data-[invalid=true]:!text-danger-100"
              data-slot="innerWrapper"
            >
              <span
                class="w-full text-left rtl:text-right group-data-[has-value=true]:text-default-foreground truncate group-data-[invalid=true]:!text-danger-100 font-medium text-sm text-primary-100"
                data-slot="value"
                id="react-aria-:r1r:"
              >
                alexstanton@gmail.com
              </span>
            </div>
            <svg
              aria-hidden="true"
              class="absolute end-3 w-4 h-4 transition-transform duration-150 ease motion-reduce:transition-none data-[open=true]:rotate-180 text-primary-100"
              data-slot="selectorIcon"
              fill="none"
              focusable="false"
              height="1em"
              role="presentation"
              stroke="currentColor"
              stroke-linecap="round"
              stroke-linejoin="round"
              stroke-width="1.5"
              viewBox="0 0 24 24"
              width="1em"
            >
              <path
                d="m6 9 6 6 6-6"
              />
            </svg>
          </button>
        </div>
      </div>
      <div
        class="group flex flex-col w-full opacity-disabled pointer-events-none transition-background motion-reduce:transition-none !duration-150 group relative justify-end data-[has-label=true]:mt-[calc(theme(fontSize.small)_+_10px)]"
        data-filled="true"
        data-has-label="true"
        data-has-value="true"
        data-slot="base"
      >
        <div
          aria-hidden="true"
          data-a11y-ignore="aria-hidden-focus"
          data-testid="hidden-select-container"
          style="border: 0px; clip-path: inset(50%); height: 1px; margin: -1px; overflow: hidden; padding: 0px; position: absolute; width: 1px; white-space: nowrap;"
        >
          <input
            disabled=""
            style="font-size: 16px;"
            tabindex="0"
            type="text"
            value="6"
          />
          <label>
            Receiver
            <select
              disabled=""
              name="receiverId"
              size="1"
              tabindex="-1"
              title=""
            >
              <option />
              <option
                value="6"
              >
                thang.hoquang@asnet.com.vn
              </option>
            </select>
          </label>
        </div>
        <div
          class="w-full flex flex-col h-16"
          data-slot="mainWrapper"
        >
          <button
            aria-expanded="false"
            aria-haspopup="listbox"
            aria-label="Receiver"
            aria-labelledby="react-aria-:r23: react-aria-:r1u:"
            class="relative gap-3 w-full inline-flex flex-row items-center shadow-sm outline-none tap-highlight-transparent border-default-200 data-[hover=true]:border-default-400 data-[open=true]:border-default-foreground min-h-10 pointer-events-none transition-colors motion-reduce:transition-none px-2.5 rounded-medium bg-background-100 shadow-stack border-1 outline-offset-0 data-[focus=true]:border-green data-[focus=true]:border-1 data-[focus=true]:bg-background-100 data-[hover=true]:bg-background-100 group-data-[invalid=true]:!border-danger-100 h-[auto] py-3 max-h-10"
            data-disabled="true"
            data-slot="trigger"
            id="react-aria-:r1u:"
            type="button"
            value="6"
          >
            <label
              class="block absolute subpixel-antialiased pointer-events-none will-change-auto origin-top-left rtl:origin-top-right !duration-200 !ease-out transition-[transform,color,left,opacity] motion-reduce:transition-none pb-0 z-20 -translate-y-1/2 group-data-[filled=true]:start-0 start-3 group-data-[filled=true]:-translate-y-[calc(100%_+_theme(fontSize.small)/2_+_20px)] pe-2 max-w-full text-ellipsis overflow-hidden text-primary-100 font-medium group-data-[invalid=true]:!text-danger-100 group-data-[filled=true]:text-primary-100 after:text-primary-100 top-5 text-sm"
              data-slot="label"
              id="react-aria-:r1v:"
            >
              Receiver
            </label>
            <div
              class="inline-flex h-full w-[calc(100%_-_theme(spacing.6))] min-h-4 items-center gap-1.5 box-border text-xs leading-[18px] group-data-[invalid=true]:!text-danger-100"
              data-slot="innerWrapper"
            >
              <span
                class="w-full text-left rtl:text-right group-data-[has-value=true]:text-default-foreground truncate group-data-[invalid=true]:!text-danger-100 font-medium text-sm text-primary-100"
                data-slot="value"
                id="react-aria-:r23:"
              >
                thang.hoquang@asnet.com.vn
              </span>
            </div>
            <svg
              aria-hidden="true"
              class="absolute end-3 w-4 h-4 transition-transform duration-150 ease motion-reduce:transition-none data-[open=true]:rotate-180 text-primary-100"
              data-slot="selectorIcon"
              fill="none"
              focusable="false"
              height="1em"
              role="presentation"
              stroke="currentColor"
              stroke-linecap="round"
              stroke-linejoin="round"
              stroke-width="1.5"
              viewBox="0 0 24 24"
              width="1em"
            >
              <path
                d="m6 9 6 6 6-6"
              />
            </svg>
          </button>
        </div>
      </div>
    </div>
    <div
      class="flex flex-col md:flex-row md:gap-3 items-start"
    >
      <div
        class="group flex flex-col data-[hidden=true]:hidden w-full relative justify-end data-[has-label=true]:mt-[calc(theme(fontSize.small)_+_8px)] is-filled"
        data-filled="true"
        data-filled-within="true"
        data-has-elements="true"
        data-has-label="true"
        data-has-value="true"
        data-slot="base"
      >
        <div
          class="flex flex-col h-[68px]"
          data-slot="main-wrapper"
        >
          <div
            class="relative w-full inline-flex tap-highlight-transparent flex-row items-center shadow-sm gap-3 data-[hover=true]:bg-default-200 group-data-[focus=true]:bg-default-100 min-h-8 px-2 rounded-small transition-background motion-reduce:transition-none !duration-150 outline-none group-data-[focus-visible=true]:z-10 group-data-[focus-visible=true]:ring-2 group-data-[focus-visible=true]:ring-focus group-data-[focus-visible=true]:ring-offset-2 group-data-[focus-visible=true]:ring-offset-background bg-transparent border-text-foreground !bg-transparent data-[hover=true]:!bg-transparent group-data-[focus=true]:ring-0 group-data-[focus=true]:ring-offset-0 group-data-[focus=true]:!bg-transparent data-[focus=true]:border-secondary-300 group-data-[invalid=true]:border-danger-100 h-auto py-3 border max-h-10 is-filled"
            data-slot="input-wrapper"
            style="cursor: text;"
          >
            <label
              class="absolute pointer-events-none origin-top-left rtl:origin-top-right subpixel-antialiased block text-foreground-500 will-change-auto !duration-200 !ease-out motion-reduce:transition-none transition-[transform,color,left,opacity] group-data-[filled-within=true]:text-foreground group-data-[filled-within=true]:pointer-events-auto pb-0 z-20 -translate-y-1/2 group-data-[filled-within=true]:start-0 start-2 group-data-[filled-within=true]:-translate-y-[calc(100%_+_theme(fontSize.tiny)/2_+_16px)] pe-2 max-w-full text-ellipsis overflow-hidden group-data-[invalid=true]:!text-danger-100 top-[17px] text-sm"
              data-slot="label"
              for="react-aria-:r24:"
              id="react-aria-:r25:"
            >
              Start Date
            </label>
            <div
              class="inline-flex w-full items-center h-full box-border"
              data-slot="inner-wrapper"
            >
              <input
                aria-label="Start Date"
                aria-labelledby="react-aria-:r24: react-aria-:r25:"
                class="w-full font-normal !outline-none focus-visible:outline-none data-[has-start-content=true]:ps-1.5 data-[has-end-content=true]:pe-1.5 file:cursor-pointer file:bg-transparent file:border-0 autofill:bg-transparent bg-clip-text group-data-[has-value=true]:text-default-foreground text-primary-100 placeholder:text-primary-300 bg-transparent group-data-[invalid=true]:!text-danger-100 mx-1 text-sm is-filled"
                data-filled="true"
                data-filled-within="true"
                data-slot="input"
                id="react-aria-:r24:"
                name="startDate"
                type="date"
                value="2026-09-12"
              />
            </div>
          </div>
        </div>
      </div>
      <div
        class="group flex flex-col data-[has-helper=true]:pb-[calc(theme(fontSize.tiny)_+8px)] w-full h-[86px] gap-[3px]"
        data-slot="base"
      >
        <span
          class="block subpixel-antialiased group-data-[required=true]:after:content-['*'] group-data-[required=true]:after:text-danger group-data-[required=true]:after:ml-0.5 w-full text-foreground top-[13px] text-sm group-data-[invalid=true]:text-danger-100"
          data-slot="label"
          id="react-aria-:r2a:"
        >
          Start Time
        </span>
        <div
          class="relative gap-3 inline-flex flex-row items-center cursor-text tap-highlight-transparent shadow-sm hover:bg-default-200 focus-within:hover:bg-default-100 group-data-[invalid=true]:bg-danger-50 group-data-[invalid=true]:hover:bg-danger-100 group-data-[invalid=true]:focus-within:hover:bg-danger-50 min-h-8 px-2 rounded-small w-full bg-transparent border-text-foreground !bg-transparent hover:!bg-transparent focus:!bg-transparent focus:border-secondary-300 group-data-[invalid=true]:border-danger-100 h-auto py-3 max-h-10 border"
          data-slot="input-wrapper"
        >
          <div
            class="flex items-center text-default-400 w-full gap-x-2 h-6 group-data-[invalid=true]:border-danger-100 group-data-[invalid=true]:text-danger-100"
            data-slot="inner-wrapper"
          >
            <div
              aria-describedby="react-aria-description-0"
              aria-labelledby="react-aria-:r2a:"
              class="flex h-full gap-x-0.5 w-full font-normal text-primary-100 placeholder:text-primary-300 bg-transparent text-sm mx-2 data-[focus=true]:!bg-transparent group-data-[invalid=true]:text-danger-100"
              data-slot="input"
              id="react-aria-:r29:"
              role="group"
            >
              <div
                aria-describedby="react-aria-description-0"
                aria-label="hour, "
                aria-labelledby="react-aria-:r2e: react-aria-:r2a:"
                aria-valuemax="11"
                aria-valuemin="0"
                aria-valuenow="9"
                aria-valuetext="9 AM"
                autocorrect="off"
                class="group first:-ml-0.5 [&:not(:first-child)]:-ml-1 px-0.5 my-auto box-content tabular-nums text-start inline-block outline-none focus:shadow-sm rounded-md text-foreground-500 data-[editable=true]:text-foreground data-[editable=true]:data-[placeholder=true]:text-foreground-500 data-[invalid=true]:text-danger-300 data-[invalid=true]:data-[editable=true]:text-danger data-[invalid=true]:focus:bg-danger-400/50 dark:data-[invalid=true]:focus:bg-danger-400/20 data-[invalid=true]:data-[editable=true]:focus:text-danger data-[editable=true]:focus:text-default-foreground focus:bg-primary-100 focus:bg-opacity-20 group-data-[invalid=true]:text-danger-100"
                contenteditable="true"
                data-editable="true"
                data-slot="segment"
                data-type="hour"
                enterkeyhint="next"
                id="react-aria-:r2e:"
                inputmode="numeric"
                role="spinbutton"
                spellcheck="false"
                style="caret-color: transparent;"
                tabindex="0"
              >
                09
              </div>
              <div
                aria-hidden="true"
                class="group first:-ml-0.5 [&:not(:first-child)]:-ml-1 px-0.5 my-auto box-content tabular-nums text-start inline-block outline-none focus:shadow-sm rounded-md text-foreground-500 data-[editable=true]:text-foreground data-[editable=true]:data-[placeholder=true]:text-foreground-500 data-[invalid=true]:text-danger-300 data-[invalid=true]:data-[editable=true]:text-danger data-[invalid=true]:focus:bg-danger-400/50 dark:data-[invalid=true]:focus:bg-danger-400/20 data-[invalid=true]:data-[editable=true]:focus:text-danger data-[editable=true]:focus:text-default-foreground focus:bg-primary-100 focus:bg-opacity-20 group-data-[invalid=true]:text-danger-100"
                data-slot="segment"
                data-type="literal"
              >
                :
              </div>
              <div
                aria-label="minute, "
                aria-labelledby="react-aria-:r2i: react-aria-:r2a:"
                aria-valuemax="59"
                aria-valuemin="0"
                aria-valuenow="0"
                aria-valuetext="00"
                autocorrect="off"
                class="group first:-ml-0.5 [&:not(:first-child)]:-ml-1 px-0.5 my-auto box-content tabular-nums text-start inline-block outline-none focus:shadow-sm rounded-md text-foreground-500 data-[editable=true]:text-foreground data-[editable=true]:data-[placeholder=true]:text-foreground-500 data-[invalid=true]:text-danger-300 data-[invalid=true]:data-[editable=true]:text-danger data-[invalid=true]:focus:bg-danger-400/50 dark:data-[invalid=true]:focus:bg-danger-400/20 data-[invalid=true]:data-[editable=true]:focus:text-danger data-[editable=true]:focus:text-default-foreground focus:bg-primary-100 focus:bg-opacity-20 group-data-[invalid=true]:text-danger-100"
                contenteditable="true"
                data-editable="true"
                data-slot="segment"
                data-type="minute"
                enterkeyhint="next"
                id="react-aria-:r2i:"
                inputmode="numeric"
                role="spinbutton"
                spellcheck="false"
                style="caret-color: transparent;"
                tabindex="0"
              >
                00
              </div>
              <div
                aria-hidden="true"
                class="group first:-ml-0.5 [&:not(:first-child)]:-ml-1 px-0.5 my-auto box-content tabular-nums text-start inline-block outline-none focus:shadow-sm rounded-md text-foreground-500 data-[editable=true]:text-foreground data-[editable=true]:data-[placeholder=true]:text-foreground-500 data-[invalid=true]:text-danger-300 data-[invalid=true]:data-[editable=true]:text-danger data-[invalid=true]:focus:bg-danger-400/50 dark:data-[invalid=true]:focus:bg-danger-400/20 data-[invalid=true]:data-[editable=true]:focus:text-danger data-[editable=true]:focus:text-default-foreground focus:bg-primary-100 focus:bg-opacity-20 group-data-[invalid=true]:text-danger-100"
                data-slot="segment"
                data-type="literal"
              >
                 
              </div>
              <div
                aria-label="AM/PM, "
                aria-labelledby="react-aria-:r2m: react-aria-:r2a:"
                aria-valuemax="12"
                aria-valuemin="0"
                aria-valuenow="0"
                aria-valuetext="AM"
                autocorrect="off"
                class="group first:-ml-0.5 [&:not(:first-child)]:-ml-1 px-0.5 my-auto box-content tabular-nums text-start inline-block outline-none focus:shadow-sm rounded-md text-foreground-500 data-[editable=true]:text-foreground data-[editable=true]:data-[placeholder=true]:text-foreground-500 data-[invalid=true]:text-danger-300 data-[invalid=true]:data-[editable=true]:text-danger data-[invalid=true]:focus:bg-danger-400/50 dark:data-[invalid=true]:focus:bg-danger-400/20 data-[invalid=true]:data-[editable=true]:focus:text-danger data-[editable=true]:focus:text-default-foreground focus:bg-primary-100 focus:bg-opacity-20 group-data-[invalid=true]:text-danger-100"
                contenteditable="true"
                data-editable="true"
                data-slot="segment"
                data-type="dayPeriod"
                enterkeyhint="next"
                id="react-aria-:r2m:"
                role="spinbutton"
                spellcheck="false"
                style="caret-color: transparent;"
                tabindex="0"
              >
                AM
              </div>
              <input
                name="startTime"
                type="hidden"
                value="[object Object]"
              />
            </div>
          </div>
        </div>
      </div>
    </div>
    <div
      class="group flex flex-col w-full transition-background motion-reduce:transition-none !duration-150 group relative justify-end data-[has-label=true]:mt-[calc(theme(fontSize.small)_+_10px)]"
      data-filled="true"
      data-has-label="true"
      data-has-value="true"
      data-slot="base"
    >
      <div
        aria-hidden="true"
        data-a11y-ignore="aria-hidden-focus"
        data-testid="hidden-select-container"
        style="border: 0px; clip-path: inset(50%); height: 1px; margin: -1px; overflow: hidden; padding: 0px; position: absolute; width: 1px; white-space: nowrap;"
      >
        <input
          style="font-size: 16px;"
          tabindex="0"
          type="text"
          value="60"
        />
        <label>
          Duration Time
          <select
            name="durationTime"
            size="20"
            tabindex="-1"
            title=""
          >
            <option />
            <option
              value="15"
            >
              00:15
            </option>
            <option
              value="30"
            >
              00:30
            </option>
            <option
              value="45"
            >
              00:45
            </option>
            <option
              value="60"
            >
              01:00
            </option>
            <option
              value="75"
            >
              01:15
            </option>
            <option
              value="90"
            >
              01:30
            </option>
            <option
              value="105"
            >
              01:45
            </option>
            <option
              value="120"
            >
              02:00
            </option>
            <option
              value="135"
            >
              02:15
            </option>
            <option
              value="150"
            >
              02:30
            </option>
            <option
              value="165"
            >
              02:45
            </option>
            <option
              value="180"
            >
              03:00
            </option>
            <option
              value="195"
            >
              03:15
            </option>
            <option
              value="210"
            >
              03:30
            </option>
            <option
              value="225"
            >
              03:45
            </option>
            <option
              value="240"
            >
              04:00
            </option>
            <option
              value="255"
            >
              04:15
            </option>
            <option
              value="270"
            >
              04:30
            </option>
            <option
              value="285"
            >
              04:45
            </option>
            <option
              value="300"
            >
              05:00
            </option>
          </select>
        </label>
      </div>
      <div
        class="w-full flex flex-col h-16"
        data-slot="mainWrapper"
      >
        <button
          aria-expanded="false"
          aria-haspopup="listbox"
          aria-label="Duration Time"
          aria-labelledby="react-aria-:r2v: react-aria-:r2q:"
          class="relative gap-3 w-full inline-flex flex-row items-center shadow-sm tap-highlight-transparent group-data-[focus=true]:bg-default-100 min-h-10 outline-none data-[focus-visible=true]:z-10 data-[focus-visible=true]:outline-2 data-[focus-visible=true]:outline-focus data-[focus-visible=true]:outline-offset-2 px-2.5 rounded-medium bg-background-100 shadow-stack border-1 outline-offset-0 data-[focus=true]:border-green data-[focus=true]:border-1 data-[focus=true]:bg-background-100 data-[hover=true]:bg-background-100 group-data-[invalid=true]:!border-danger-100 h-[auto] py-3 max-h-10"
          data-slot="trigger"
          id="react-aria-:r2q:"
          type="button"
          value="60"
        >
          <label
            class="block absolute subpixel-antialiased pointer-events-none will-change-auto origin-top-left rtl:origin-top-right !duration-200 !ease-out transition-[transform,color,left,opacity] motion-reduce:transition-none pb-0 z-20 -translate-y-1/2 group-data-[filled=true]:start-0 start-3 group-data-[filled=true]:-translate-y-[calc(100%_+_theme(fontSize.small)/2_+_20px)] pe-2 max-w-full text-ellipsis overflow-hidden text-primary-100 font-medium group-data-[invalid=true]:!text-danger-100 group-data-[filled=true]:text-primary-100 after:text-primary-100 top-5 text-sm"
            data-slot="label"
            id="react-aria-:r2r:"
          >
            Duration Time
          </label>
          <div
            class="inline-flex h-full w-[calc(100%_-_theme(spacing.6))] min-h-4 items-center gap-1.5 box-border text-xs leading-[18px] group-data-[invalid=true]:!text-danger-100"
            data-slot="innerWrapper"
          >
            <span
              class="w-full text-left rtl:text-right truncate group-data-[has-value=true]:text-default-foreground group-data-[invalid=true]:!text-danger-100 font-medium text-sm text-primary-100"
              data-slot="value"
              id="react-aria-:r2v:"
            >
              01:00
            </span>
          </div>
          <svg
            aria-hidden="true"
            class="absolute end-3 w-4 h-4 transition-transform duration-150 ease motion-reduce:transition-none data-[open=true]:rotate-180 text-primary-100"
            data-slot="selectorIcon"
            fill="none"
            focusable="false"
            height="1em"
            role="presentation"
            stroke="currentColor"
            stroke-linecap="round"
            stroke-linejoin="round"
            stroke-width="1.5"
            viewBox="0 0 24 24"
            width="1em"
          >
            <path
              d="m6 9 6 6 6-6"
            />
          </svg>
        </button>
      </div>
    </div>
    <div
      class="group flex flex-col w-full transition-background motion-reduce:transition-none !duration-150 group relative justify-end data-[has-label=true]:mt-[calc(theme(fontSize.small)_+_10px)]"
      data-filled="true"
      data-has-label="true"
      data-has-value="true"
      data-slot="base"
    >
      <div
        aria-hidden="true"
        data-a11y-ignore="aria-hidden-focus"
        data-testid="hidden-select-container"
        style="border: 0px; clip-path: inset(50%); height: 1px; margin: -1px; overflow: hidden; padding: 0px; position: absolute; width: 1px; white-space: nowrap;"
      >
        <input
          style="font-size: 16px;"
          tabindex="0"
          type="text"
          value="1"
        />
        <label>
          Status
          <select
            name="status"
            size="3"
            tabindex="-1"
            title=""
          >
            <option />
            <option
              value="0"
            >
              New
            </option>
            <option
              value="1"
            >
              Meeting
            </option>
            <option
              value="2"
            >
              Canceled
            </option>
          </select>
        </label>
      </div>
      <div
        class="w-full flex flex-col h-16"
        data-slot="mainWrapper"
      >
        <button
          aria-expanded="false"
          aria-haspopup="listbox"
          aria-label="Status"
          aria-labelledby="react-aria-:r37: react-aria-:r32:"
          class="relative gap-3 w-full inline-flex flex-row items-center shadow-sm tap-highlight-transparent group-data-[focus=true]:bg-default-100 min-h-10 outline-none data-[focus-visible=true]:z-10 data-[focus-visible=true]:outline-2 data-[focus-visible=true]:outline-focus data-[focus-visible=true]:outline-offset-2 px-2.5 rounded-medium bg-background-100 shadow-stack border-1 outline-offset-0 data-[focus=true]:border-green data-[focus=true]:border-1 data-[focus=true]:bg-background-100 data-[hover=true]:bg-background-100 group-data-[invalid=true]:!border-danger-100 h-[auto] py-3 max-h-10"
          data-slot="trigger"
          id="react-aria-:r32:"
          type="button"
          value="1"
        >
          <label
            class="block absolute subpixel-antialiased pointer-events-none will-change-auto origin-top-left rtl:origin-top-right !duration-200 !ease-out transition-[transform,color,left,opacity] motion-reduce:transition-none pb-0 z-20 -translate-y-1/2 group-data-[filled=true]:start-0 start-3 group-data-[filled=true]:-translate-y-[calc(100%_+_theme(fontSize.small)/2_+_20px)] pe-2 max-w-full text-ellipsis overflow-hidden text-primary-100 font-medium group-data-[invalid=true]:!text-danger-100 group-data-[filled=true]:text-primary-100 after:text-primary-100 top-5 text-sm"
            data-slot="label"
            id="react-aria-:r33:"
          >
            Status
          </label>
          <div
            class="inline-flex h-full w-[calc(100%_-_theme(spacing.6))] min-h-4 items-center gap-1.5 box-border text-xs leading-[18px] group-data-[invalid=true]:!text-danger-100"
            data-slot="innerWrapper"
          >
            <span
              class="w-full text-left rtl:text-right truncate group-data-[has-value=true]:text-default-foreground group-data-[invalid=true]:!text-danger-100 font-medium text-sm text-primary-100"
              data-slot="value"
              id="react-aria-:r37:"
            >
              Meeting
            </span>
          </div>
          <svg
            aria-hidden="true"
            class="absolute end-3 w-4 h-4 transition-transform duration-150 ease motion-reduce:transition-none data-[open=true]:rotate-180 text-primary-100"
            data-slot="selectorIcon"
            fill="none"
            focusable="false"
            height="1em"
            role="presentation"
            stroke="currentColor"
            stroke-linecap="round"
            stroke-linejoin="round"
            stroke-width="1.5"
            viewBox="0 0 24 24"
            width="1em"
          >
            <path
              d="m6 9 6 6 6-6"
            />
          </svg>
        </button>
      </div>
    </div>
    <div
      class="h-[78px] flex flex-col justify-end"
    >
      <div
        class="w-full gap-2 flex justify-end"
      >
        <button
          class="z-0 group relative inline-flex items-center justify-center box-border appearance-none select-none whitespace-nowrap subpixel-antialiased overflow-hidden tap-highlight-transparent data-[pressed=true]:scale-[0.97] outline-none data-[focus-visible=true]:z-10 data-[focus-visible=true]:outline-2 data-[focus-visible=true]:outline-focus data-[focus-visible=true]:outline-offset-2 px-4 min-w-20 h-10 text-small gap-2 rounded-medium [&>svg]:max-w-[theme(spacing.8)] transition-transform-colors-opacity motion-reduce:transition-none border-1 border-secondary-300 hover:bg-linear-success hover:text-content1 text-secondary-300 font-medium"
          type="button"
        >
          Cancel
        </button>
        <button
          class="z-0 group relative inline-flex items-center justify-center box-border appearance-none select-none whitespace-nowrap subpixel-antialiased overflow-hidden tap-highlight-transparent data-[pressed=true]:scale-[0.97] outline-none data-[focus-visible=true]:z-10 data-[focus-visible=true]:outline-2 data-[focus-visible=true]:outline-focus data-[focus-visible=true]:outline-offset-2 px-4 min-w-20 h-10 text-small gap-2 rounded-medium opacity-disabled pointer-events-none [&>svg]:max-w-[theme(spacing.8)] transition-transform-colors-opacity motion-reduce:transition-none data-[hover=true]:opacity-hover border-transparent font-semibold bg-linear-success text-content1"
          data-disabled="true"
          disabled=""
          type="submit"
        >
          Submit
        </button>
      </div>
    </div>
  </form>
</DocumentFragment>
`;
