// Jest Snapshot v1, https://goo.gl/fbAQLP

exports[`InputSearch Should render SearchInput Component correctly 1`] = `
<div>
  <div
    class="group flex flex-col data-[hidden=true]:hidden w-full relative justify-end data-[has-label=true]:mt-[calc(theme(fontSize.small)_+_10px)]"
    data-filled="true"
    data-filled-within="true"
    data-has-value="true"
    data-slot="base"
  >
    <div
      class="flex flex-col h-fit lg:max-w-[400px] text-xs mock"
      data-slot="main-wrapper"
    >
      <div
        class="relative w-full inline-flex tap-highlight-transparent flex-row items-center shadow-sm px-3 gap-3 data-[hover=true]:bg-default-200 group-data-[focus=true]:bg-default-100 min-h-10 rounded-medium transition-background motion-reduce:transition-none !duration-150 outline-none group-data-[focus-visible=true]:z-10 group-data-[focus-visible=true]:ring-2 group-data-[focus-visible=true]:ring-focus group-data-[focus-visible=true]:ring-offset-2 group-data-[focus-visible=true]:ring-offset-background bg-transparent border-text-foreground !bg-transparent data-[hover=true]:!bg-transparent group-data-[focus=true]:ring-0 group-data-[focus=true]:ring-offset-0 group-data-[focus=true]:!bg-transparent data-[focus=true]:border-secondary-300 group-data-[invalid=true]:border-danger-100 py-4 border h-[52px]"
        data-slot="input-wrapper"
        style="cursor: text;"
      >
        <div
          class="inline-flex w-full items-center h-full box-border"
          data-slot="inner-wrapper"
        >
          <svg
            class="w-5 h-5 ml-4 text-primary-200"
            fill="none"
            viewBox="0 0 20 20"
            xmlns="http://www.w3.org/2000/svg"
          >
            <g
              clip-path="url(#clip0_1_18701)"
            >
              <path
                d="M9.58341 17.5C13.9557 17.5 17.5001 13.9556 17.5001 9.58335C17.5001 5.2111 13.9557 1.66669 9.58341 1.66669C5.21116 1.66669 1.66675 5.2111 1.66675 9.58335C1.66675 13.9556 5.21116 17.5 9.58341 17.5Z"
                stroke="currentColor"
                stroke-linecap="round"
                stroke-linejoin="round"
                stroke-width="1.5"
              />
              <path
                d="M18.3334 18.3334L16.6667 16.6667"
                stroke="currentColor"
                stroke-linecap="round"
                stroke-linejoin="round"
                stroke-width="1.5"
              />
            </g>
            <defs>
              <clippath
                id="clip0_1_18701"
              >
                <rect
                  fill="white"
                  height="20"
                  width="20"
                />
              </clippath>
            </defs>
          </svg>
          <input
            aria-label=" "
            class="w-full font-normal !outline-none focus-visible:outline-none data-[has-start-content=true]:ps-1.5 data-[has-end-content=true]:pe-1.5 file:cursor-pointer file:bg-transparent file:border-0 autofill:bg-transparent bg-clip-text peer pr-6 rtl:pr-0 rtl:pl-6 group-data-[has-value=true]:text-default-foreground text-primary-100 placeholder:text-primary-300 bg-transparent text-sm mx-2 group-data-[invalid=true]:!text-danger-100"
            data-has-start-content="true"
            data-slot="input"
            id="react-aria-:r0:"
            placeholder=""
            type="text"
            value=""
          />
          <span
            aria-label="clear input"
            class="p-2 -m-2 z-10 hidden absolute end-3 start-auto appearance-none select-none opacity-0 hover:!opacity-100 cursor-pointer active:!opacity-70 rounded-full outline-none data-[focus-visible=true]:z-10 data-[focus-visible=true]:outline-2 data-[focus-visible=true]:outline-focus data-[focus-visible=true]:outline-offset-2 text-large peer-data-[filled=true]:opacity-70 peer-data-[filled=true]:block transition-opacity motion-reduce:transition-none"
            data-slot="clear-button"
            role="button"
            tabindex="0"
          >
            <svg
              aria-hidden="true"
              focusable="false"
              height="1em"
              role="presentation"
              viewBox="0 0 24 24"
              width="1em"
            >
              <path
                d="M12 2a10 10 0 1010 10A10.016 10.016 0 0012 2zm3.36 12.3a.754.754 0 010 1.06.748.748 0 01-1.06 0l-2.3-2.3-2.3 2.3a.748.748 0 01-1.06 0 .754.754 0 010-1.06l2.3-2.3-2.3-2.3A.75.75 0 019.7 8.64l2.3 2.3 2.3-2.3a.75.75 0 011.06 1.06l-2.3 2.3z"
                fill="currentColor"
              />
            </svg>
          </span>
        </div>
      </div>
    </div>
  </div>
</div>
`;
