// Jest Snapshot v1, https://goo.gl/fbAQLP

exports[`AppointmentCreate should render correctly 1`] = `
<DocumentFragment>
  <button
    class="z-0 group relative inline-flex items-center justify-center box-border appearance-none select-none whitespace-nowrap subpixel-antialiased overflow-hidden tap-highlight-transparent data-[pressed=true]:scale-[0.97] outline-none data-[focus-visible=true]:z-10 data-[focus-visible=true]:outline-2 data-[focus-visible=true]:outline-focus data-[focus-visible=true]:outline-offset-2 px-4 min-w-20 text-small gap-2 rounded-medium [&>svg]:max-w-[theme(spacing.8)] transition-transform-colors-opacity motion-reduce:transition-none data-[hover=true]:opacity-hover border-transparent bg-linear-success text-content1 h-[52px] font-medium"
    type="button"
  >
    Create
  </button>
</DocumentFragment>
`;
