// Jest Snapshot v1, https://goo.gl/fbAQLP

exports[`ChemistActions should render correctly 1`] = `
<DocumentFragment>
  <div
    class="flex justify-between md:gap-4 mb-10 md:mb-0 "
  >
    <div
      class="group flex flex-col w-full transition-background motion-reduce:transition-none !duration-150 group relative justify-end data-[has-label=true]:mt-[calc(theme(fontSize.small)_+_10px)]"
      data-filled="true"
      data-slot="base"
    >
      <div
        aria-hidden="true"
        data-a11y-ignore="aria-hidden-focus"
        data-testid="hidden-select-container"
        style="border: 0px; clip-path: inset(50%); height: 1px; margin: -1px; overflow: hidden; padding: 0px; position: absolute; width: 1px; white-space: nowrap;"
      >
        <input
          style="font-size: 16px;"
          tabindex="0"
          type="text"
          value=""
        />
        <label>
          <select
            size="6"
            tabindex="-1"
            title=""
          >
            <option />
            <option
              value="all"
            >
              All
            </option>
            <option
              value="instrumentation"
            >
              Instrumentation
            </option>
            <option
              value="laboratory_chemist"
            >
              Laboratory Chemist
            </option>
            <option
              value="organic_chemist"
            >
              Organic Chemist
            </option>
            <option
              value="power_plant_chemist"
            >
              Power Plant Chemist
            </option>
            <option
              value="qc_chemist"
            >
              QC Chemist
            </option>
          </select>
        </label>
      </div>
      <div
        class="w-full flex flex-col"
        data-slot="mainWrapper"
      >
        <button
          aria-expanded="false"
          aria-haspopup="listbox"
          aria-label="Select Specialty"
          aria-labelledby="react-aria-:r8: react-aria-:r3:"
          class="relative gap-3 inline-flex flex-row items-center shadow-sm tap-highlight-transparent group-data-[focus=true]:bg-default-100 min-h-10 outline-none data-[focus-visible=true]:z-10 data-[focus-visible=true]:outline-2 data-[focus-visible=true]:outline-focus data-[focus-visible=true]:outline-offset-2 px-2.5 py-2 rounded-medium bg-background-100 shadow-stack border-1 outline-offset-0 data-[focus=true]:border-green data-[focus=true]:border-1 data-[focus=true]:bg-background-100 data-[hover=true]:bg-background-100 group-data-[invalid=true]:!border-danger-100 w-[180px] h-[52px]"
          data-slot="trigger"
          id="react-aria-:r3:"
          type="button"
        >
          <div
            class="inline-flex h-full min-h-4 items-center gap-1.5 box-border text-xs leading-[18px] group-data-[invalid=true]:!text-danger-100 w-[180px]"
            data-slot="innerWrapper"
          >
            <span
              class="w-full text-left rtl:text-right truncate group-data-[has-value=true]:text-default-foreground text-xs group-data-[invalid=true]:!text-danger-100 text-primary-100 font-medium"
              data-slot="value"
              id="react-aria-:r8:"
            >
              Specialty
            </span>
          </div>
          <svg
            aria-hidden="true"
            class="absolute end-3 w-4 h-4 transition-transform duration-150 ease motion-reduce:transition-none data-[open=true]:rotate-180 text-primary-100"
            data-slot="selectorIcon"
            fill="none"
            focusable="false"
            height="1em"
            role="presentation"
            stroke="currentColor"
            stroke-linecap="round"
            stroke-linejoin="round"
            stroke-width="1.5"
            viewBox="0 0 24 24"
            width="1em"
          >
            <path
              d="m6 9 6 6 6-6"
            />
          </svg>
        </button>
      </div>
    </div>
    <button
      class="z-0 group relative inline-flex items-center justify-center box-border appearance-none select-none whitespace-nowrap subpixel-antialiased overflow-hidden tap-highlight-transparent data-[pressed=true]:scale-[0.97] outline-none data-[focus-visible=true]:z-10 data-[focus-visible=true]:outline-2 data-[focus-visible=true]:outline-focus data-[focus-visible=true]:outline-offset-2 px-4 min-w-20 text-small gap-2 rounded-medium [&>svg]:max-w-[theme(spacing.8)] transition-transform-colors-opacity motion-reduce:transition-none data-[hover=true]:opacity-hover border-transparent bg-linear-success text-content1 font-medium h-[52px]"
      type="button"
    >
      Create
    </button>
  </div>
</DocumentFragment>
`;
