// Jest Snapshot v1, https://goo.gl/fbAQLP

exports[`DataGrid Should matches snapshot 1`] = `
<div>
  <div
    class="flex flex-col relative gap-4 w-full"
  >
    <div
      class="p-4 z-0 flex flex-col relative justify-between gap-4 bg-content1 overflow-auto rounded-large shadow-small w-full mocked-class"
    >
      <table
        aria-describedby=""
        aria-label="Table"
        class="min-w-full h-auto table-auto w-full"
        id="react-aria-:r0:"
        role="grid"
        tabindex="0"
      >
        <thead
          class="[&>tr]:first:rounded-lg hidden"
          role="rowgroup"
        >
          <tr
            class="group outline-none data-[focus-visible=true]:z-10 data-[focus-visible=true]:outline-2 data-[focus-visible=true]:outline-focus data-[focus-visible=true]:outline-offset-2"
            role="row"
          >
            <th
              class="group px-3 h-10 align-middle bg-default-100 whitespace-nowrap text-foreground-500 text-tiny font-semibold first:rounded-s-lg last:rounded-e-lg data-[sortable=true]:cursor-pointer data-[hover=true]:text-foreground-400 outline-none data-[focus-visible=true]:z-10 data-[focus-visible=true]:outline-2 data-[focus-visible=true]:outline-focus data-[focus-visible=true]:outline-offset-2 text-start"
              data-key="senderId"
              id="react-aria-:r0:-senderId"
              role="columnheader"
              tabindex="-1"
            >
              Sender
            </th>
            <th
              class="group px-3 h-10 align-middle bg-default-100 whitespace-nowrap text-foreground-500 text-tiny font-semibold first:rounded-s-lg last:rounded-e-lg data-[sortable=true]:cursor-pointer data-[hover=true]:text-foreground-400 outline-none data-[focus-visible=true]:z-10 data-[focus-visible=true]:outline-2 data-[focus-visible=true]:outline-focus data-[focus-visible=true]:outline-offset-2 text-start"
              data-key="receiverId"
              id="react-aria-:r0:-receiverId"
              role="columnheader"
              tabindex="-1"
            >
              Receiver
            </th>
            <th
              class="group px-3 h-10 align-middle bg-default-100 whitespace-nowrap text-foreground-500 text-tiny font-semibold first:rounded-s-lg last:rounded-e-lg data-[sortable=true]:cursor-pointer data-[hover=true]:text-foreground-400 outline-none data-[focus-visible=true]:z-10 data-[focus-visible=true]:outline-2 data-[focus-visible=true]:outline-focus data-[focus-visible=true]:outline-offset-2 text-start"
              data-key="durationTime"
              id="react-aria-:r0:-durationTime"
              role="columnheader"
              tabindex="-1"
            >
              Duration
            </th>
            <th
              class="group px-3 h-10 align-middle bg-default-100 whitespace-nowrap text-foreground-500 text-tiny font-semibold first:rounded-s-lg last:rounded-e-lg data-[sortable=true]:cursor-pointer data-[hover=true]:text-foreground-400 outline-none data-[focus-visible=true]:z-10 data-[focus-visible=true]:outline-2 data-[focus-visible=true]:outline-focus data-[focus-visible=true]:outline-offset-2 text-start"
              data-key="startTime"
              id="react-aria-:r0:-startTime"
              role="columnheader"
              tabindex="-1"
            >
              Date
            </th>
            <th
              class="group px-3 h-10 align-middle bg-default-100 whitespace-nowrap text-foreground-500 text-tiny font-semibold first:rounded-s-lg last:rounded-e-lg data-[sortable=true]:cursor-pointer data-[hover=true]:text-foreground-400 outline-none data-[focus-visible=true]:z-10 data-[focus-visible=true]:outline-2 data-[focus-visible=true]:outline-focus data-[focus-visible=true]:outline-offset-2 text-start"
              data-key="status"
              id="react-aria-:r0:-status"
              role="columnheader"
              tabindex="-1"
            >
              Status
            </th>
          </tr>
          <tr
            aria-hidden="true"
            class="w-px h-px block"
            style="margin-left: 0.25rem; margin-top: 0.25rem;"
            tabindex="-1"
          />
        </thead>
        <tbody
          role="rowgroup"
        >
          <tr
            aria-labelledby="react-aria-:r0:-$.5.0-senderId"
            class="group outline-none data-[focus-visible=true]:z-10 data-[focus-visible=true]:outline-2 data-[focus-visible=true]:outline-focus data-[focus-visible=true]:outline-offset-2"
            data-first="true"
            data-key="$.5.0"
            role="row"
            tabindex="-1"
          >
            <td
              class="py-2 px-3 relative align-middle whitespace-normal text-small font-normal [&>*]:z-1 [&>*]:relative outline-none data-[focus-visible=true]:z-10 data-[focus-visible=true]:outline-2 data-[focus-visible=true]:outline-focus data-[focus-visible=true]:outline-offset-2 before:content-[''] before:absolute before:z-0 before:inset-0 before:opacity-0 data-[selected=true]:before:opacity-100 group-data-[disabled=true]:text-foreground-300 group-data-[disabled=true]:cursor-not-allowed before:bg-default/60 data-[selected=true]:text-default-foreground first:before:rounded-s-lg last:before:rounded-e-lg text-start mocked-class"
              data-key="table-row-cell-senderId"
              headers="undefined-senderId"
              id="react-aria-:r0:-$.5.0-senderId"
              role="cell"
              tabindex="-1"
            >
              <p
                class="mocked-class"
              >
                Alex Stanton
              </p>
            </td>
            <td
              class="py-2 px-3 relative align-middle whitespace-normal text-small font-normal [&>*]:z-1 [&>*]:relative outline-none data-[focus-visible=true]:z-10 data-[focus-visible=true]:outline-2 data-[focus-visible=true]:outline-focus data-[focus-visible=true]:outline-offset-2 before:content-[''] before:absolute before:z-0 before:inset-0 before:opacity-0 data-[selected=true]:before:opacity-100 group-data-[disabled=true]:text-foreground-300 group-data-[disabled=true]:cursor-not-allowed before:bg-default/60 data-[selected=true]:text-default-foreground first:before:rounded-s-lg last:before:rounded-e-lg text-start mocked-class"
              data-key="table-row-cell-receiverId"
              headers="undefined-receiverId"
              role="cell"
              tabindex="-1"
            >
              <p
                class="mocked-class"
              >
                Jessica Jane
              </p>
            </td>
            <td
              class="py-2 px-3 relative align-middle whitespace-normal text-small font-normal [&>*]:z-1 [&>*]:relative outline-none data-[focus-visible=true]:z-10 data-[focus-visible=true]:outline-2 data-[focus-visible=true]:outline-focus data-[focus-visible=true]:outline-offset-2 before:content-[''] before:absolute before:z-0 before:inset-0 before:opacity-0 data-[selected=true]:before:opacity-100 group-data-[disabled=true]:text-foreground-300 group-data-[disabled=true]:cursor-not-allowed before:bg-default/60 data-[selected=true]:text-default-foreground first:before:rounded-s-lg last:before:rounded-e-lg text-start mocked-class"
              data-key="table-row-cell-durationTime"
              headers="undefined-durationTime"
              role="cell"
              tabindex="-1"
            >
              <p
                class="mocked-class"
              />
            </td>
            <td
              class="py-2 px-3 relative align-middle whitespace-normal text-small font-normal [&>*]:z-1 [&>*]:relative outline-none data-[focus-visible=true]:z-10 data-[focus-visible=true]:outline-2 data-[focus-visible=true]:outline-focus data-[focus-visible=true]:outline-offset-2 before:content-[''] before:absolute before:z-0 before:inset-0 before:opacity-0 data-[selected=true]:before:opacity-100 group-data-[disabled=true]:text-foreground-300 group-data-[disabled=true]:cursor-not-allowed before:bg-default/60 data-[selected=true]:text-default-foreground first:before:rounded-s-lg last:before:rounded-e-lg text-start mocked-class"
              data-key="table-row-cell-startTime"
              headers="undefined-startTime"
              role="cell"
              tabindex="-1"
            >
              <p
                class="mocked-class"
              />
            </td>
            <td
              class="py-2 px-3 relative align-middle whitespace-normal text-small font-normal [&>*]:z-1 [&>*]:relative outline-none data-[focus-visible=true]:z-10 data-[focus-visible=true]:outline-2 data-[focus-visible=true]:outline-focus data-[focus-visible=true]:outline-offset-2 before:content-[''] before:absolute before:z-0 before:inset-0 before:opacity-0 data-[selected=true]:before:opacity-100 group-data-[disabled=true]:text-foreground-300 group-data-[disabled=true]:cursor-not-allowed before:bg-default/60 data-[selected=true]:text-default-foreground first:before:rounded-s-lg last:before:rounded-e-lg text-start mocked-class"
              data-key="table-row-cell-status"
              headers="undefined-status"
              role="cell"
              tabindex="-1"
            >
              <div
                class="mocked-class"
              >
                <p
                  class="text-2xs font-semibold capitalize"
                >
                  new
                </p>
              </div>
            </td>
          </tr>
          <tr
            aria-labelledby="react-aria-:r0:-$.5.1-senderId"
            class="group outline-none data-[focus-visible=true]:z-10 data-[focus-visible=true]:outline-2 data-[focus-visible=true]:outline-focus data-[focus-visible=true]:outline-offset-2"
            data-key="$.5.1"
            data-middle="true"
            data-odd="true"
            role="row"
            tabindex="-1"
          >
            <td
              class="py-2 px-3 relative align-middle whitespace-normal text-small font-normal [&>*]:z-1 [&>*]:relative outline-none data-[focus-visible=true]:z-10 data-[focus-visible=true]:outline-2 data-[focus-visible=true]:outline-focus data-[focus-visible=true]:outline-offset-2 before:content-[''] before:absolute before:z-0 before:inset-0 before:opacity-0 data-[selected=true]:before:opacity-100 group-data-[disabled=true]:text-foreground-300 group-data-[disabled=true]:cursor-not-allowed before:bg-default/60 data-[selected=true]:text-default-foreground first:before:rounded-s-lg last:before:rounded-e-lg text-start mocked-class"
              data-key="table-row-cell-senderId"
              headers="undefined-senderId"
              id="react-aria-:r0:-$.5.1-senderId"
              role="cell"
              tabindex="-1"
            >
              <p
                class="mocked-class"
              >
                Alex Stanton
              </p>
            </td>
            <td
              class="py-2 px-3 relative align-middle whitespace-normal text-small font-normal [&>*]:z-1 [&>*]:relative outline-none data-[focus-visible=true]:z-10 data-[focus-visible=true]:outline-2 data-[focus-visible=true]:outline-focus data-[focus-visible=true]:outline-offset-2 before:content-[''] before:absolute before:z-0 before:inset-0 before:opacity-0 data-[selected=true]:before:opacity-100 group-data-[disabled=true]:text-foreground-300 group-data-[disabled=true]:cursor-not-allowed before:bg-default/60 data-[selected=true]:text-default-foreground first:before:rounded-s-lg last:before:rounded-e-lg text-start mocked-class"
              data-key="table-row-cell-receiverId"
              headers="undefined-receiverId"
              role="cell"
              tabindex="-1"
            >
              <p
                class="mocked-class"
              >
                ThangHq
              </p>
            </td>
            <td
              class="py-2 px-3 relative align-middle whitespace-normal text-small font-normal [&>*]:z-1 [&>*]:relative outline-none data-[focus-visible=true]:z-10 data-[focus-visible=true]:outline-2 data-[focus-visible=true]:outline-focus data-[focus-visible=true]:outline-offset-2 before:content-[''] before:absolute before:z-0 before:inset-0 before:opacity-0 data-[selected=true]:before:opacity-100 group-data-[disabled=true]:text-foreground-300 group-data-[disabled=true]:cursor-not-allowed before:bg-default/60 data-[selected=true]:text-default-foreground first:before:rounded-s-lg last:before:rounded-e-lg text-start mocked-class"
              data-key="table-row-cell-durationTime"
              headers="undefined-durationTime"
              role="cell"
              tabindex="-1"
            >
              <p
                class="mocked-class"
              />
            </td>
            <td
              class="py-2 px-3 relative align-middle whitespace-normal text-small font-normal [&>*]:z-1 [&>*]:relative outline-none data-[focus-visible=true]:z-10 data-[focus-visible=true]:outline-2 data-[focus-visible=true]:outline-focus data-[focus-visible=true]:outline-offset-2 before:content-[''] before:absolute before:z-0 before:inset-0 before:opacity-0 data-[selected=true]:before:opacity-100 group-data-[disabled=true]:text-foreground-300 group-data-[disabled=true]:cursor-not-allowed before:bg-default/60 data-[selected=true]:text-default-foreground first:before:rounded-s-lg last:before:rounded-e-lg text-start mocked-class"
              data-key="table-row-cell-startTime"
              headers="undefined-startTime"
              role="cell"
              tabindex="-1"
            >
              <p
                class="mocked-class"
              />
            </td>
            <td
              class="py-2 px-3 relative align-middle whitespace-normal text-small font-normal [&>*]:z-1 [&>*]:relative outline-none data-[focus-visible=true]:z-10 data-[focus-visible=true]:outline-2 data-[focus-visible=true]:outline-focus data-[focus-visible=true]:outline-offset-2 before:content-[''] before:absolute before:z-0 before:inset-0 before:opacity-0 data-[selected=true]:before:opacity-100 group-data-[disabled=true]:text-foreground-300 group-data-[disabled=true]:cursor-not-allowed before:bg-default/60 data-[selected=true]:text-default-foreground first:before:rounded-s-lg last:before:rounded-e-lg text-start mocked-class"
              data-key="table-row-cell-status"
              headers="undefined-status"
              role="cell"
              tabindex="-1"
            >
              <div
                class="mocked-class"
              >
                <p
                  class="text-2xs font-semibold capitalize"
                >
                  new
                </p>
              </div>
            </td>
          </tr>
          <tr
            aria-labelledby="react-aria-:r0:-$.5.2-senderId"
            class="group outline-none data-[focus-visible=true]:z-10 data-[focus-visible=true]:outline-2 data-[focus-visible=true]:outline-focus data-[focus-visible=true]:outline-offset-2"
            data-key="$.5.2"
            data-last="true"
            role="row"
            tabindex="-1"
          >
            <td
              class="py-2 px-3 relative align-middle whitespace-normal text-small font-normal [&>*]:z-1 [&>*]:relative outline-none data-[focus-visible=true]:z-10 data-[focus-visible=true]:outline-2 data-[focus-visible=true]:outline-focus data-[focus-visible=true]:outline-offset-2 before:content-[''] before:absolute before:z-0 before:inset-0 before:opacity-0 data-[selected=true]:before:opacity-100 group-data-[disabled=true]:text-foreground-300 group-data-[disabled=true]:cursor-not-allowed before:bg-default/60 data-[selected=true]:text-default-foreground first:before:rounded-s-lg last:before:rounded-e-lg text-start mocked-class"
              data-key="table-row-cell-senderId"
              headers="undefined-senderId"
              id="react-aria-:r0:-$.5.2-senderId"
              role="cell"
              tabindex="-1"
            >
              <p
                class="mocked-class"
              >
                ThangHq
              </p>
            </td>
            <td
              class="py-2 px-3 relative align-middle whitespace-normal text-small font-normal [&>*]:z-1 [&>*]:relative outline-none data-[focus-visible=true]:z-10 data-[focus-visible=true]:outline-2 data-[focus-visible=true]:outline-focus data-[focus-visible=true]:outline-offset-2 before:content-[''] before:absolute before:z-0 before:inset-0 before:opacity-0 data-[selected=true]:before:opacity-100 group-data-[disabled=true]:text-foreground-300 group-data-[disabled=true]:cursor-not-allowed before:bg-default/60 data-[selected=true]:text-default-foreground first:before:rounded-s-lg last:before:rounded-e-lg text-start mocked-class"
              data-key="table-row-cell-receiverId"
              headers="undefined-receiverId"
              role="cell"
              tabindex="-1"
            >
              <p
                class="mocked-class"
              >
                Alex Stanton
              </p>
            </td>
            <td
              class="py-2 px-3 relative align-middle whitespace-normal text-small font-normal [&>*]:z-1 [&>*]:relative outline-none data-[focus-visible=true]:z-10 data-[focus-visible=true]:outline-2 data-[focus-visible=true]:outline-focus data-[focus-visible=true]:outline-offset-2 before:content-[''] before:absolute before:z-0 before:inset-0 before:opacity-0 data-[selected=true]:before:opacity-100 group-data-[disabled=true]:text-foreground-300 group-data-[disabled=true]:cursor-not-allowed before:bg-default/60 data-[selected=true]:text-default-foreground first:before:rounded-s-lg last:before:rounded-e-lg text-start mocked-class"
              data-key="table-row-cell-durationTime"
              headers="undefined-durationTime"
              role="cell"
              tabindex="-1"
            >
              <p
                class="mocked-class"
              />
            </td>
            <td
              class="py-2 px-3 relative align-middle whitespace-normal text-small font-normal [&>*]:z-1 [&>*]:relative outline-none data-[focus-visible=true]:z-10 data-[focus-visible=true]:outline-2 data-[focus-visible=true]:outline-focus data-[focus-visible=true]:outline-offset-2 before:content-[''] before:absolute before:z-0 before:inset-0 before:opacity-0 data-[selected=true]:before:opacity-100 group-data-[disabled=true]:text-foreground-300 group-data-[disabled=true]:cursor-not-allowed before:bg-default/60 data-[selected=true]:text-default-foreground first:before:rounded-s-lg last:before:rounded-e-lg text-start mocked-class"
              data-key="table-row-cell-startTime"
              headers="undefined-startTime"
              role="cell"
              tabindex="-1"
            >
              <p
                class="mocked-class"
              />
            </td>
            <td
              class="py-2 px-3 relative align-middle whitespace-normal text-small font-normal [&>*]:z-1 [&>*]:relative outline-none data-[focus-visible=true]:z-10 data-[focus-visible=true]:outline-2 data-[focus-visible=true]:outline-focus data-[focus-visible=true]:outline-offset-2 before:content-[''] before:absolute before:z-0 before:inset-0 before:opacity-0 data-[selected=true]:before:opacity-100 group-data-[disabled=true]:text-foreground-300 group-data-[disabled=true]:cursor-not-allowed before:bg-default/60 data-[selected=true]:text-default-foreground first:before:rounded-s-lg last:before:rounded-e-lg text-start mocked-class"
              data-key="table-row-cell-status"
              headers="undefined-status"
              role="cell"
              tabindex="-1"
            >
              <div
                class="mocked-class"
              >
                <p
                  class="text-2xs font-semibold capitalize"
                >
                  meeting
                </p>
              </div>
            </td>
          </tr>
        </tbody>
      </table>
    </div>
  </div>
  <nav
    aria-label="pagination navigation"
    class="p-2.5 -m-2.5 overflow-x-scroll scrollbar-hide mt-4"
    data-active-page="1"
    data-controls="true"
    data-dots-jump="5"
    data-slot="base"
    data-total="3"
    role="navigation"
  >
    <ul
      class="flex flex-nowrap h-fit max-w-fit relative gap-1 items-center overflow-visible rounded-medium"
      data-slot="wrapper"
    >
      <span
        aria-hidden="true"
        class="absolute overflow-visible items-center justify-center origin-center left-0 select-none touch-none pointer-events-none z-20 bg-primary text-primary-foreground data-[moving=true]:transition-transform !data-[moving=true]:duration-300 opacity-0 data-[moving]:opacity-100 min-w-9 w-9 h-9 text-small rounded-medium hidden"
        data-moving="false"
        data-slot="cursor"
        style="transform: translateX(0px) scale(1);"
      >
        1
      </span>
      <li
        aria-disabled="true"
        aria-label="previous page button"
        class="flex flex-wrap truncate box-border items-center justify-center text-default-foreground outline-none data-[focus-visible=true]:z-10 data-[focus-visible=true]:outline-2 data-[focus-visible=true]:outline-focus data-[focus-visible=true]:outline-offset-2 data-[disabled=true]:text-default-300 data-[disabled=true]:pointer-events-none shadow-sm bg-default-100 [&[data-hover=true]:not([data-active=true])]:bg-default-200 active:bg-default-300 min-w-9 w-9 h-9 text-small rounded-medium mocked-class"
        data-disabled="true"
        data-slot="prev"
        tabindex="-1"
      >
        <svg
          aria-hidden="true"
          fill="none"
          focusable="false"
          height="1em"
          role="presentation"
          viewBox="0 0 24 24"
          width="1em"
        >
          <path
            d="M15.5 19l-7-7 7-7"
            stroke="currentColor"
            stroke-linecap="round"
            stroke-linejoin="round"
            stroke-width="1.5"
          />
        </svg>
      </li>
      <li
        aria-current="true"
        aria-label="pagination item 1 active"
        class="tap-highlight-transparent select-none touch-none data-[pressed=true]:scale-[0.97] transition-transform-background flex flex-wrap truncate box-border items-center justify-center text-default-foreground outline-none data-[focus-visible=true]:z-10 data-[focus-visible=true]:outline-2 data-[focus-visible=true]:outline-focus data-[focus-visible=true]:outline-offset-2 data-[disabled=true]:text-default-300 data-[disabled=true]:pointer-events-none shadow-sm bg-default-100 [&[data-hover=true]:not([data-active=true])]:bg-default-200 active:bg-default-300 min-w-9 w-9 h-9 text-small rounded-medium mocked-class"
        data-active="true"
        data-slot="item"
        tabindex="0"
      >
        1
      </li>
      <li
        aria-label="pagination item 2"
        class="tap-highlight-transparent select-none touch-none data-[pressed=true]:scale-[0.97] transition-transform-background flex flex-wrap truncate box-border items-center justify-center text-default-foreground outline-none data-[focus-visible=true]:z-10 data-[focus-visible=true]:outline-2 data-[focus-visible=true]:outline-focus data-[focus-visible=true]:outline-offset-2 data-[disabled=true]:text-default-300 data-[disabled=true]:pointer-events-none shadow-sm bg-default-100 [&[data-hover=true]:not([data-active=true])]:bg-default-200 active:bg-default-300 min-w-9 w-9 h-9 text-small rounded-medium mocked-class"
        data-slot="item"
        tabindex="0"
      >
        2
      </li>
      <li
        aria-label="pagination item 3"
        class="tap-highlight-transparent select-none touch-none data-[pressed=true]:scale-[0.97] transition-transform-background flex flex-wrap truncate box-border items-center justify-center text-default-foreground outline-none data-[focus-visible=true]:z-10 data-[focus-visible=true]:outline-2 data-[focus-visible=true]:outline-focus data-[focus-visible=true]:outline-offset-2 data-[disabled=true]:text-default-300 data-[disabled=true]:pointer-events-none shadow-sm bg-default-100 [&[data-hover=true]:not([data-active=true])]:bg-default-200 active:bg-default-300 min-w-9 w-9 h-9 text-small rounded-medium mocked-class"
        data-slot="item"
        tabindex="0"
      >
        3
      </li>
      <li
        aria-label="next page button"
        class="flex flex-wrap truncate box-border items-center justify-center text-default-foreground outline-none data-[focus-visible=true]:z-10 data-[focus-visible=true]:outline-2 data-[focus-visible=true]:outline-focus data-[focus-visible=true]:outline-offset-2 data-[disabled=true]:text-default-300 data-[disabled=true]:pointer-events-none shadow-sm bg-default-100 [&[data-hover=true]:not([data-active=true])]:bg-default-200 active:bg-default-300 min-w-9 w-9 h-9 text-small rounded-medium mocked-class"
        data-slot="next"
        tabindex="0"
      >
        <svg
          aria-hidden="true"
          class="rotate-180"
          fill="none"
          focusable="false"
          height="1em"
          role="presentation"
          viewBox="0 0 24 24"
          width="1em"
        >
          <path
            d="M15.5 19l-7-7 7-7"
            stroke="currentColor"
            stroke-linecap="round"
            stroke-linejoin="round"
            stroke-width="1.5"
          />
        </svg>
      </li>
    </ul>
  </nav>
</div>
`;
